[topmomo.me/index.html]
[backblue.gif]
[fade.gif]
[index.html]
[i.imgur.com/hm7QMr7.png]
[topmomo.me/index-2.html]
[i.imgur.com/uVhAM6M.jpg]
[topmomo.me/assets/cam/frontend-user/assets/css2/bootstrap.min.css]
[topmomo.me/assets/cam/frontend-user/assets/css2/style.css]
[cdnjs.cloudflare.com/ajax/libs/font-awesome/4.2.0/css/font-awesome.css]
[topmomo.me/assets/cam/frontend-user/assets/css2/custom.1.css]
[topmomo.me/assets/cam/assets/css/bootstrap-social.css]
[topmomo.me/assets/cam/assets/css/animate.min.css]
[s3.ap-northeast-1.amazonaws.com/h.files/images/1642161250712_0qooTlKqUk.jpg]
[topmomo.me/assets/cam/frontend-user/assets/js/libs/jquery-1.10.1.min.js]
[topmomo.me/assets/cam/frontend-user/assets/js/libs/jquery-ui-1.9.2.custom.min.js]
[topmomo.me/assets/cam/frontend-user/assets/js/libs/bootstrap.min.js]
[topmomo.me/assets/cam/assets/js/moment.min.js]
[topmomo.me/assets/cam/assets/js/script.js]
[topmomo.me/index.html]
[topmomo.me/index-2.html]
[topmomo.me/check5445.html]
[topmomo.me/assets/cam/frontend-user/assets/fonts/glyphicons-halflings-regular.html]
[topmomo.me/assets/cam/frontend-user/assets/fonts/glyphicons-halflings-regulard41dd41dd41d.html]
[topmomo.me/assets/cam/frontend-user/assets/fonts/glyphicons-halflings-regular-2.html]
[topmomo.me/assets/cam/frontend-user/assets/fonts/glyphicons-halflings-regular-3.html]
[topmomo.me/assets/cam/frontend-user/assets/css2/bootstrap.min.css]
[topmomo.me/assets/cam/frontend-user/assets/fonts/glyphicons-halflings-regular-4.html]
[topmomo.me/assets/cam/frontend-user/assets/img/gallery/zoom.html]
[topmomo.me/assets/cam/frontend-user/assets/img/jquery/handle.html]
[topmomo.me/assets/cam/frontend-user/assets/css2/style.css]
[cdnjs.cloudflare.com/ajax/libs/font-awesome/4.2.0/css/font-awesome.css]
[topmomo.me/assets/cam/frontend-user/assets/css2/custom.1.css]
[topmomo.me/assets/cam/assets/css/bootstrap-social.css]
[topmomo.me/assets/cam/assets/css/animate.min.css]
[topmomo.me/check5445.html]
[topmomo.me/assets/cam/frontend-user/assets/fonts/glyphicons-halflings-regular.html]
[topmomo.me/assets/cam/frontend-user/assets/fonts/glyphicons-halflings-regulard41dd41dd41d.html]
[topmomo.me/assets/cam/frontend-user/assets/fonts/glyphicons-halflings-regular-2.html]
[topmomo.me/assets/cam/frontend-user/assets/fonts/glyphicons-halflings-regular-3.html]
[topmomo.me/assets/cam/frontend-user/assets/fonts/glyphicons-halflings-regular-4.html]
[topmomo.me/assets/cam/frontend-user/assets/img/gallery/zoom.html]
[topmomo.me/assets/cam/frontend-user/assets/img/jquery/handle.html]
[topmomo.me/assets/cam/frontend-user/assets/img/jquery/handle-vertical.html]
[topmomo.me/assets/cam/frontend-user/assets/img/jquery/handle-vertical.html]
